Abarca
Abaroa
Abascal
Abella
Ablitas
Aburto
Acedo
Acevedo
Acosta
Acuña
Adalid
Aello
Aguayo
Aguilar
Aguilera
Aguinaga
Aguirre
Alamán
Alarcón
Alba
Alberro
Albistur
Albuerne
Alcaide
Alcalá
Alcántara
Alcerreca
Alcocer
Aldana
Alday
Aldecoa
Alegre
Alen
Alfaro
Alisal
Aller
Almandoz
Almeida
Almenara
Almunía
Altamira
Altarriba
Altube
Alvarado
Alvarez
Alzaga
Alzate
Amador
Amaral
Amarillas
Amaro
Amaya
Ambolodi
Ambriz
Amilibia
Amor
Amores
Andía
Andino
Ángel
Ángeles
Antuñano
Aperribay
Aponte
Arambarri
Aramburu
Aranda
Arano
Aras
Arauz
Arbolancha
Arcaina
Arcaya
Arce
Arellano
Arena
Arenas
Arevalo
Argamasilla
Arias
Arista
Arizábalo
Arízaga
Arizmendi
Arizpe
Armas
Armendariz
Armendáriz
Arrieta
Arriola
Arroyabe
Arroyo
Arteaga
Arvizu
Ascencio
Astiazarán
Ataide
Aulestia
Aurre
Avila
Aviles
Ayala
Ayestarán
Ayllón
Ayuso
Aza
Azofra
Aztiazarán
Azuela
Bachiller
Bada
Báez
Bahena
Bailo
Baitia
Balbuena
Balderas
Balderrama
Balenciaga
Ballesteros
Balmori
Baltazares
Balvanera
Baños
Bañuelos
Bañuls
Baraibar
Barajas
Baranda
Barba
Barbosa
Bárcena
Bareño
Baroja
Baron de Lara
Barragán
Barranco
Barrena
Barrenechea
Barriga
Barrón
Barros
Basabe
Basabilbaso
Basauri
Basoco
Basterra
Batlle
Bautista
Bauza
Bay
Bayón
Baz
Bea
Beas
Becerra
Becerril
Becker
Bedoya
Bejines
Belis
Bello
Belloso
Belmonte
Benard
Benito
Benjumea
Bequer
Beramendi
Berástegui
Bermeo
Bermudez
Bermudo
Bernal
Bernaola
Berny
Berrio
Berroeta
Berrospe
Berrotarán
Bertiz
Betancourt
Betancurt
Betanzos
Beyens
Bigler
Blanco
Blanco y Correa
Boado
Bodet
Bojórquez
Bolado
Bolaño
Bolio
Boris
Borja
Borras
Borrel
Botello
Boza
Brambila
Bravo
Brena
Briceño
Brizuela
Bru
Buentello
Bueras
Bugarín
Buitrago
Bulla
Burgoa
Burgos
Burruel
Bustamante
Bustinza
Busto
Caballero
Cabello
Cabezudo
Cabral
Cabrera
Cadena
Calderón
Calvo
Calzada
Camarena
Camargo
Camino
Camou
Campillo
Camporredondo
Camús
Cañaveral
Candía
Cano
Canseco
Cansino
Cantú
Caraveo
Carbajal
Cárcel
Cárcova
Cardeña
Cárdena
Cárdenas
Cardoso
Carlón
Carpio
Carranza
Carreño
Carrizosa
Cartagena
Carvajal
Casanova
Cásares
Casas
Castañeda
Castañón
Castelló
Castillo
Castrejon
Castrejón
Castrillo
Castro
Cavazos
Cázares
Ceballos
Cedillo
Celis
Cemborain
Cendrera
Cepeda
Cerain
Cerda
Cerezo
Cerezuela
Cerrato
Cerro
Cervantes
Cerviño
Cetina
Chaperón
Chapín
Chavarría
Chavez
Chávez
Chicharro
Chimalpopoca
Chinchilla
Chiriboga
Chirino
Cianca
Cienfuegos
Cigala
Cirarruista
Ciscomani
Ciurana
Clavijo
Clemente
Coca
Coello
Collantes
Conique
Cons
Contador
Contreras
Coppel
Corbalán
Cordero
Corella
Corona
Coronado
Corral
Cortázar
Cortés
Corzo
Cota
Cotilla
Crel
Crespo
Cruz
Cubillas
Cubría
Cuellar
Cuéllar
Cuenca
Cuesta
Cueva
Curiel
Dabdoub
Dalmau
Davila
Dávila
Daza
de Ceballos
De la Hoya
De la Puente
De la Ree
De la Riva
De León
De López
de los Santos
de Sánchez
de Terán
del Campo
Delgadillo
Delgado
Despujol
Dessens
Díaz
Díaz González
Diego
Dios
Diosdado
Doblado
Doménech
Domingo
Domínguez
Duarte
Durán
Echaniz
Echarri
Echávarri
Echazarreta
Echazuria
Echebeste
Eguía
Eguiara
Elguezábal
Elio
Elizagárate
Elizondo
Elorduy
Elosua
Embun
Enciso
Endérica
Enriquez
Epalza
Ercilla
Erril
Escalante
Escalera
Escamilla
Escobar
Escofet
Escolano
Escorza
Escoto
Escribano
Escrivá
Eslava
Espejo
Espinosa
Esquivel
Estebanez
Estensoro
Estévez
Estrada
Fábregas
Facio
Fajardo
Faria
Feijoo
Félix
Feo
Fernández
Ferrandell
Ferrando
Figuera
Figueroa
Flores
Francia
Franco
Franqueza
Freaner
Frías
Frigola
Fuente
Fuentes
Funes
Gabilondo
Gabiño
Gacitúa
Gaeta
Galaz
Galiano
Gallaga
Gallardo
Gallart
Gallástegui
Gallego
Gallegos
Galnares
Galvan
Gama
Gambacorta
Gamboa
Gámiz
Gándara
Gandarillas
Garaicoechea
Gárate
Garcia
García
Garcilazo
Garita
Garrido
Garriga
Garza
Gastelum
Gatell
Gato
Gavin
Gay
Gayarre
Gaytán
Génova
Gerhard
Gijón
Gil
Giner
Giralt
Gispert
Gluyas
Godínez
Godoy
Golfín
Gomez
Gómez
Gómez del Campo
Gomez Farias
Gonzalez
González
Gónzalez
Gonzalo
Gordillo
Gorospe
Gorostiza
Gorriti
Gortari
Gracia
Grajales
Grajera
Gramunt
Graña
Granados
Granda
Granja
Grijalva
Grimaldi
Guadarrama
Guardado
Guereña
Guerra
Guerrero
Guevara
Guijarro
Guillén
Guridi
Gurrola
Gutiérrez
Guzmán
Healy
Henestrosa
Heredia
Hernández
Hérnandez
Herrerías
Hidalgo
Hinojosa
Hirsch
Hita
Holgado
Holguín
Horna
Hoyos
Huerta
Ibañez
Ibar
Ibarra
Ibarrola
Ibero
Iberry
Ilarregui
Inchausti
Inda
Iniesta
Iñiguez
Inurrigarro
Irala
Iraurgui
Irazábal
Iriarte
Iriondo
Iruegas
Ituarte
Iturbide
Izquierdo
Jabat
Jacobs
Jaén
Jaimes
Jara
Jaraba
Jasso
Jáuregui
Jimenez
Jiménez
Jimeno
Joaristi
Jove
Juarez
Juárez
Jurado
Justiniani
Juvera
Kitazawa
Laborín
Lamar
Lamas
Lambarri
Lancaster-Jones
Landaluce
Lanzos
Lara
Larburu
Lardizábal
Larios
Larragoiti
Larrauri
Larrea
Larrumbe
Lasa
Lassard
Lastres
Lavín
Leal
Lebrón
Lecumberri
Legarrea
Legazpi
Leguizamón
Lejarza
Lemenmeyer
Lemmenmeyer
León
Leoz
Lera
Lesaca
Letechipia
Letona
Leturiondo
Leyva
Libarona
Liceaga
Linaje
Liori
Lira
Lizárraga
Llano
Llave
Llera
Lliteras
Lohr
Longoria
López
López Portillo
López-Dóriga
Lora
Lorenzana
Loret
Loria
Losa
Loya
Loyola
Lucas
Lucena
Lucio
Luebbert
Luján
Luken
Luque
Luz
Machain
Machimbarrena
Machín
Macho
Macías
Madariaga
Madero
Madrid
Madrigal
Magaña
Maldonado
Mallén
Maltés
Mancebo
Mancisidor
Manero
Mantecón
Manzanares
Manzano
March
Marcos
Marentes
Marmolejo
Márquez
Marrón
Martel
Martínez
Maruri
Mascareñas
Mascaró
Mateos
Matiella
Matienzo
Matla
Matos
Maya
Mayer
Mayoralgo
Mazo
Mazón
Meabe
Meca
Mediavilla
Medina
Mejía
Menchaca
Méndez
Mendía
Mendiguren
Mendizábal
Mendoza
Mendracabeitia
Meouchi
Mergelina
Merlo
Merodio
Mestre
Michelena
Miera
Miñana
Minondo
Minor
Miranda
Mitre
Molachino
Molina
Moliner
Monge
Monjaraz
Monje
Monreal
Monroy
Monsalve
Montagut
Montalbán
Montano
Montenegro
Monter
Montero
Montesinos
Montojo
Montoya
Moragas
Morales
Morán
Morante
Morata
Morell
Morelos
Moreno
Morquecho
Moyano
Mucientes
Mudara
Muller
Munárriz
Munguía
Muñoz
Murillo
Musaurrieta
Nanclares
Naranjo
Narvarte
Navarro
Navas
Negrete
Nenninger
Nicolau
Nieto
Nieves
Nogales
Noguerol
Noriega
Notario
Novales
Novia
Nuñez
Núñez
O’Donell
Obeso
Oca
Ocampo
Ochoa
Ojinaga
Okolodkov
Olaeta
Olalla
Olano
Olazarán
Olea
Oleza
Oliva
Olivares
Omaña
Oñate
Orcolaga
Ordoñez
Ordorica
Oriol
Orobia
Orozco
Orruño
Ortega
Ortegón
Ortiz
Ortúzar
Osborne
Oseguera
Osorno
Otaegui
Otamendi
Othón
Ovando
Oviedo
Pacheco
Padilla
Padura
Paez
Pagés
Palma
Palomeque
Palomino
Pámames
Pando
Paniagua
Pantoja
Parapertusa
Parga
Parra
Partearroyo
Pastor
Paternina
Patiño
Patron
Paulín
Pavía
Paz
Pazos
Pedrero
Pedro
Peláez
Pelayo
Peñafiel
Peñas
Peñuñuri
Peralta
Perapertusa
Perea
Perez
Pérez
Pesquera
Petterson
Pez
Pidal
Pignatelli
Piña
Piñeiro
Pindado
Pinel
Piñera
Pinto
Pinzón
Pioquinto
Pizana
Pizarro
Pla
Plata
Platt
Pliego
Polo
Ponce
Pons
Ponte
Porcel
Porlier
Porras
Porrúa
Portell
Portilla
Portola
Portu
Preciado
Presillas
Proaño
Procopio
Puente
Puga
Puig
Punter
Quero
Quijada
Quintal
Quintanar
Quintanilla
Quiroga
Quiroz
Quiróz
Quiroz Martínez
Ramirez
Ramírez
Ramos
Raña
Rasines
Raudes
Rea
Real
Rebolledo
Rebollo
Regalado
Reinlein
Rejón
Rementería
Rendón
Rengifo
Rentería
Retana
Rey
Reyes
Reyna
Reynaga
Reynoso
Riaza
Ricaurte
Rincón
Riofrío
Riva
Rivas
Rivera
Rivero
Robledo
Robredo
Rocamora
Rocha
Rodriguez
Rodríguez
Rogel
Roiz
Rojas
Rojo
Roldán
Romani
Romano
Romay
Romero
Rosales
Rosas
Rosique
Rovira
Rozas
Ruaro
Rubiera
Rubio
Ruibal
Ruiz
Ruíz
Sabater
Sabido
Sada
Sagasta
Salas
Salazar
Salgado
Salinas
Salmerón
San
Sanchez
Sánchez
Sanders
Sandoval
Sansor
Santa
Santiago
Santisteban
Santos
Sañudo
Sarachaga
Sarasa
Sariñana
Sarralde
Sarriá
Saucedo
Sedeño
Segovia
Seldner
Sentís
Sequeiros
Sesma
Sierra
Silva
Sirgo
Sisniega
Sitten
Sobrevilla
Solalinde
Solano
Solares
Solorio
Solorzano
Somellera
Somoza
Soots
Soria
Soto
Stierle
Suarez
Súarez
Sureda
Talón
Tapia
Taranco
Teixidor
Teja
Téllez
Tenorio
Teodosio
Terrazas
Testa
Tirado
Tomé
Tonella
Toral
Torres
Torrijos
Torrubia
Toruño
Tostado
Tous
Tovilla
Trejo
Trespalacios
Trigueros
Trillo
Tuñón
Ubilla
Uehara
Ugalde
Ugarte
Urbalejo
Urbieta
Urbina
Urdanegui
Uriarte
Uribe
Urquides
Urquiola
Urquiza
Urraza
Ursúa
Urtaza
Usatorres
Vaca
Valdez
Valencia
Valenzuela
Valladolid
Vallarta
Valle
Valverde
Vaquero
Vargas
Vasconcelos
Vazquez
Vázquez
Vega
Vela
Velázquez
Verdes
Verdugo
Vernet
Vía
Viana
Vidal
Vidales
Vidaurre
Viejo
Vila
Villa
Villacorta
Villada
Villaescuza
Villalobos
Villalpando
Villalta
Villanueva
Villarán
Villaseñor
Villavicencio
Villegas
Villela
Villena
Viloria
Viorato
Viudes
Vivanco
Vivar
Vizcaíno
Vizcarra
Vizcarrondo
Washington
Winthuysen
Wood
Xolalpa
Yánez
Yarto
Ybarra
Yebra
Yee
Yermo
Ysita
Zabala
Zagal
Zaldúa
Zalduendo
Zamacona
Zambrana
Zaragoza
Zarco
Zarza
Zatarain
Zavaleta
Zayas
Zorrilla
Zubeldía
Zubiete
Zumalabe
Zumaya
Zúñiga
Zurita
abarca
abaroa
abascal
abella
ablitas
aburto
acedo
acevedo
acosta
acuña
adalid
aello
aguayo
aguilar
aguilera
aguinaga
aguirre
alamán
alarcón
alba
alberro
albistur
albuerne
alcaide
alcalá
alcántara
alcerreca
alcocer
aldana
alday
aldecoa
alegre
alen
alfaro
alisal
aller
almandoz
almeida
almenara
almunía
altamira
altarriba
altube
alvarado
alvarez
alzaga
alzate
amador
amaral
amarillas
amaro
amaya
ambolodi
ambriz
amilibia
amor
amores
andía
andino
ángel
ángeles
antuñano
aperribay
aponte
arambarri
aramburu
aranda
arano
aras
arauz
arbolancha
arcaina
arcaya
arce
arellano
arena
arenas
arevalo
argamasilla
arias
arista
arizábalo
arízaga
arizmendi
arizpe
armas
armendariz
armendáriz
arrieta
arriola
arroyabe
arroyo
arteaga
arvizu
ascencio
astiazarán
ataide
aulestia
aurre
avila
aviles
ayala
ayestarán
ayllón
ayuso
aza
azofra
aztiazarán
azuela
bachiller
bada
báez
bahena
bailo
baitia
balbuena
balderas
balderrama
balenciaga
ballesteros
balmori
baltazares
balvanera
baños
bañuelos
bañuls
baraibar
barajas
baranda
barba
barbosa
bárcena
bareño
baroja
baron de lara
barragán
barranco
barrena
barrenechea
barriga
barrón
barros
basabe
basabilbaso
basauri
basoco
basterra
batlle
bautista
bauza
bay
bayón
baz
bea
beas
becerra
becerril
becker
bedoya
bejines
belis
bello
belloso
belmonte
benard
benito
benjumea
bequer
beramendi
berástegui
bermeo
bermudez
bermudo
bernal
bernaola
berny
berrio
berroeta
berrospe
berrotarán
bertiz
betancourt
betancurt
betanzos
beyens
bigler
blanco
blanco y correa
boado
bodet
bojórquez
bolado
bolaño
bolio
boris
borja
borras
borrel
botello
boza
brambila
bravo
brena
briceño
brizuela
bru
buentello
bueras
bugarín
buitrago
bulla
burgoa
burgos
burruel
bustamante
bustinza
busto
caballero
cabello
cabezudo
cabral
cabrera
cadena
calderón
calvo
calzada
camarena
camargo
camino
camou
campillo
camporredondo
camús
cañaveral
candía
cano
canseco
cansino
cantú
caraveo
carbajal
cárcel
cárcova
cardeña
cárdena
cárdenas
cardoso
carlón
carpio
carranza
carreño
carrizosa
cartagena
carvajal
casanova
cásares
casas
castañeda
castañón
castelló
castillo
castrejon
castrejón
castrillo
castro
cavazos
cázares
ceballos
cedillo
celis
cemborain
cendrera
cepeda
cerain
cerda
cerezo
cerezuela
cerrato
cerro
cervantes
cerviño
cetina
chaperón
chapín
chavarría
chavez
chávez
chicharro
chimalpopoca
chinchilla
chiriboga
chirino
cianca
cienfuegos
cigala
cirarruista
ciscomani
ciurana
clavijo
clemente
coca
coello
collantes
conique
cons
contador
contreras
coppel
corbalán
cordero
corella
corona
coronado
corral
cortázar
cortés
corzo
cota
cotilla
crel
crespo
cruz
cubillas
cubría
cuellar
cuéllar
cuenca
cuesta
cueva
curiel
dabdoub
dalmau
davila
dávila
daza
de ceballos
de la hoya
de la puente
de la ree
de la riva
de león
de lópez
de los santos
de sánchez
de terán
del campo
delgadillo
delgado
despujol
dessens
díaz
díaz gonzález
diego
dios
diosdado
doblado
doménech
domingo
domínguez
duarte
durán
echaniz
echarri
echávarri
echazarreta
echazuria
echebeste
eguía
eguiara
elguezábal
elio
elizagárate
elizondo
elorduy
elosua
embun
enciso
endérica
enriquez
epalza
ercilla
erril
escalante
escalera
escamilla
escobar
escofet
escolano
escorza
escoto
escribano
escrivá
eslava
espejo
espinosa
esquivel
estebanez
estensoro
estévez
estrada
fábregas
facio
fajardo
faria
feijoo
félix
feo
fernández
ferrandell
ferrando
figuera
figueroa
flores
francia
franco
franqueza
freaner
frías
frigola
fuente
fuentes
funes
gabilondo
gabiño
gacitúa
gaeta
galaz
galiano
gallaga
gallardo
gallart
gallástegui
gallego
gallegos
galnares
galvan
gama
gambacorta
gamboa
gámiz
gándara
gandarillas
garaicoechea
gárate
garcia
garcía
garcilazo
garita
garrido
garriga
garza
gastelum
gatell
gato
gavin
gay
gayarre
gaytán
génova
gerhard
gijón
gil
giner
giralt
gispert
gluyas
godínez
godoy
golfín
gomez
gómez
gómez del campo
gomez farias
gonzalez
gonzález
gónzalez
gonzalo
gordillo
gorospe
gorostiza
gorriti
gortari
gracia
grajales
grajera
gramunt
graña
granados
granda
granja
grijalva
grimaldi
guadarrama
guardado
guereña
guerra
guerrero
guevara
guijarro
guillén
guridi
gurrola
gutiérrez
guzmán
healy
henestrosa
heredia
hernández
hérnandez
herrerías
hidalgo
hinojosa
hirsch
hita
holgado
holguín
horna
hoyos
huerta
ibañez
ibar
ibarra
ibarrola
ibero
iberry
ilarregui
inchausti
inda
iniesta
iñiguez
inurrigarro
irala
iraurgui
irazábal
iriarte
iriondo
iruegas
ituarte
iturbide
izquierdo
jabat
jacobs
jaén
jaimes
jara
jaraba
jasso
jáuregui
jimenez
jiménez
jimeno
joaristi
jove
juarez
juárez
jurado
justiniani
juvera
kitazawa
laborín
lamar
lamas
lambarri
lancaster-jones
landaluce
lanzos
lara
larburu
lardizábal
larios
larragoiti
larrauri
larrea
larrumbe
lasa
lassard
lastres
lavín
leal
lebrón
lecumberri
legarrea
legazpi
leguizamón
lejarza
lemenmeyer
lemmenmeyer
león
leoz
lera
lesaca
letechipia
letona
leturiondo
leyva
libarona
liceaga
linaje
liori
lira
lizárraga
llano
llave
llera
lliteras
lohr
longoria
lópez
lópez portillo
lópez-dóriga
lora
lorenzana
loret
loria
losa
loya
loyola
lucas
lucena
lucio
luebbert
luján
luken
luque
luz
machain
machimbarrena
machín
macho
macías
madariaga
madero
madrid
madrigal
magaña
maldonado
mallén
maltés
mancebo
mancisidor
manero
mantecón
manzanares
manzano
march
marcos
marentes
marmolejo
márquez
marrón
martel
martínez
maruri
mascareñas
mascaró
mateos
matiella
matienzo
matla
matos
maya
mayer
mayoralgo
mazo
mazón
meabe
meca
mediavilla
medina
mejía
menchaca
méndez
mendía
mendiguren
mendizábal
mendoza
mendracabeitia
meouchi
mergelina
merlo
merodio
mestre
michelena
miera
miñana
minondo
minor
miranda
mitre
molachino
molina
moliner
monge
monjaraz
monje
monreal
monroy
monsalve
montagut
montalbán
montano
montenegro
monter
montero
montesinos
montojo
montoya
moragas
morales
morán
morante
morata
morell
morelos
moreno
morquecho
moyano
mucientes
mudara
muller
munárriz
munguía
muñoz
murillo
musaurrieta
nanclares
naranjo
narvarte
navarro
navas
negrete
nenninger
nicolau
nieto
nieves
nogales
noguerol
noriega
notario
novales
novia
nuñez
núñez
o’donell
obeso
oca
ocampo
ochoa
ojinaga
okolodkov
olaeta
olalla
olano
olazarán
olea
oleza
oliva
olivares
omaña
oñate
orcolaga
ordoñez
ordorica
oriol
orobia
orozco
orruño
ortega
ortegón
ortiz
ortúzar
osborne
oseguera
osorno
otaegui
otamendi
othón
ovando
oviedo
pacheco
padilla
padura
paez
pagés
palma
palomeque
palomino
pámames
pando
paniagua
pantoja
parapertusa
parga
parra
partearroyo
pastor
paternina
patiño
patron
paulín
pavía
paz
pazos
pedrero
pedro
peláez
pelayo
peñafiel
peñas
peñuñuri
peralta
perapertusa
perea
perez
pérez
pesquera
petterson
pez
pidal
pignatelli
piña
piñeiro
pindado
pinel
piñera
pinto
pinzón
pioquinto
pizana
pizarro
pla
plata
platt
pliego
polo
ponce
pons
ponte
porcel
porlier
porras
porrúa
portell
portilla
portola
portu
preciado
presillas
proaño
procopio
puente
puga
puig
punter
quero
quijada
quintal
quintanar
quintanilla
quiroga
quiroz
quiróz
quiroz martínez
ramirez
ramírez
ramos
raña
rasines
raudes
rea
real
rebolledo
rebollo
regalado
reinlein
rejón
rementería
rendón
rengifo
rentería
retana
rey
reyes
reyna
reynaga
reynoso
riaza
ricaurte
rincón
riofrío
riva
rivas
rivera
rivero
robledo
robredo
rocamora
rocha
rodriguez
rodríguez
rogel
roiz
rojas
rojo
roldán
romani
romano
romay
romero
rosales
rosas
rosique
rovira
rozas
ruaro
rubiera
rubio
ruibal
ruiz
ruíz
sabater
sabido
sada
sagasta
salas
salazar
salgado
salinas
salmerón
san
sanchez
sánchez
sanders
sandoval
sansor
santa
santiago
santisteban
santos
sañudo
sarachaga
sarasa
sariñana
sarralde
sarriá
saucedo
sedeño
segovia
seldner
sentís
sequeiros
sesma
sierra
silva
sirgo
sisniega
sitten
sobrevilla
solalinde
solano
solares
solorio
solorzano
somellera
somoza
soots
soria
soto
stierle
suarez
súarez
sureda
talón
tapia
taranco
teixidor
teja
téllez
tenorio
teodosio
terrazas
testa
tirado
tomé
tonella
toral
torres
torrijos
torrubia
toruño
tostado
tous
tovilla
trejo
trespalacios
trigueros
trillo
tuñón
ubilla
uehara
ugalde
ugarte
urbalejo
urbieta
urbina
urdanegui
uriarte
uribe
urquides
urquiola
urquiza
urraza
ursúa
urtaza
usatorres
vaca
valdez
valencia
valenzuela
valladolid
vallarta
valle
valverde
vaquero
vargas
vasconcelos
vazquez
vázquez
vega
vela
velázquez
verdes
verdugo
vernet
vía
viana
vidal
vidales
vidaurre
viejo
vila
villa
villacorta
villada
villaescuza
villalobos
villalpando
villalta
villanueva
villarán
villaseñor
villavicencio
villegas
villela
villena
viloria
viorato
viudes
vivanco
vivar
vizcaíno
vizcarra
vizcarrondo
washington
winthuysen
wood
xolalpa
yánez
yarto
ybarra
yebra
yee
yermo
ysita
zabala
zagal
zaldúa
zalduendo
zamacona
zambrana
zaragoza
zarco
zarza
zatarain
zavaleta
zayas
zorrilla
zubeldía
zubiete
zumalabe
zumaya
zúñiga
zurita
ABARCA
ABAROA
ABASCAL
ABELLA
ABLITAS
ABURTO
ACEDO
ACEVEDO
ACOSTA
ACUÑA
ADALID
AELLO
AGUAYO
AGUILAR
AGUILERA
AGUINAGA
AGUIRRE
ALAMÁN
ALARCÓN
ALBA
ALBERRO
ALBISTUR
ALBUERNE
ALCAIDE
ALCALÁ
ALCÁNTARA
ALCERRECA
ALCOCER
ALDANA
ALDAY
ALDECOA
ALEGRE
ALEN
ALFARO
ALISAL
ALLER
ALMANDOZ
ALMEIDA
ALMENARA
ALMUNÍA
ALTAMIRA
ALTARRIBA
ALTUBE
ALVARADO
ALVAREZ
ALZAGA
ALZATE
AMADOR
AMARAL
AMARILLAS
AMARO
AMAYA
AMBOLODI
AMBRIZ
AMILIBIA
AMOR
AMORES
ANDÍA
ANDINO
ÁNGEL
ÁNGELES
ANTUÑANO
APERRIBAY
APONTE
ARAMBARRI
ARAMBURU
ARANDA
ARANO
ARAS
ARAUZ
ARBOLANCHA
ARCAINA
ARCAYA
ARCE
ARELLANO
ARENA
ARENAS
AREVALO
ARGAMASILLA
ARIAS
ARISTA
ARIZÁBALO
ARÍZAGA
ARIZMENDI
ARIZPE
ARMAS
ARMENDARIZ
ARMENDÁRIZ
ARRIETA
ARRIOLA
ARROYABE
ARROYO
ARTEAGA
ARVIZU
ASCENCIO
ASTIAZARÁN
ATAIDE
AULESTIA
AURRE
AVILA
AVILES
AYALA
AYESTARÁN
AYLLÓN
AYUSO
AZA
AZOFRA
AZTIAZARÁN
AZUELA
BACHILLER
BADA
BÁEZ
BAHENA
BAILO
BAITIA
BALBUENA
BALDERAS
BALDERRAMA
BALENCIAGA
BALLESTEROS
BALMORI
BALTAZARES
BALVANERA
BAÑOS
BAÑUELOS
BAÑULS
BARAIBAR
BARAJAS
BARANDA
BARBA
BARBOSA
BÁRCENA
BAREÑO
BAROJA
BARON DE LARA
BARRAGÁN
BARRANCO
BARRENA
BARRENECHEA
BARRIGA
BARRÓN
BARROS
BASABE
BASABILBASO
BASAURI
BASOCO
BASTERRA
BATLLE
BAUTISTA
BAUZA
BAY
BAYÓN
BAZ
BEA
BEAS
BECERRA
BECERRIL
BECKER
BEDOYA
BEJINES
BELIS
BELLO
BELLOSO
BELMONTE
BENARD
BENITO
BENJUMEA
BEQUER
BERAMENDI
BERÁSTEGUI
BERMEO
BERMUDEZ
BERMUDO
BERNAL
BERNAOLA
BERNY
BERRIO
BERROETA
BERROSPE
BERROTARÁN
BERTIZ
BETANCOURT
BETANCURT
BETANZOS
BEYENS
BIGLER
BLANCO
BLANCO Y CORREA
BOADO
BODET
BOJÓRQUEZ
BOLADO
BOLAÑO
BOLIO
BORIS
BORJA
BORRAS
BORREL
BOTELLO
BOZA
BRAMBILA
BRAVO
BRENA
BRICEÑO
BRIZUELA
BRU
BUENTELLO
BUERAS
BUGARÍN
BUITRAGO
BULLA
BURGOA
BURGOS
BURRUEL
BUSTAMANTE
BUSTINZA
BUSTO
CABALLERO
CABELLO
CABEZUDO
CABRAL
CABRERA
CADENA
CALDERÓN
CALVO
CALZADA
CAMARENA
CAMARGO
CAMINO
CAMOU
CAMPILLO
CAMPORREDONDO
CAMÚS
CAÑAVERAL
CANDÍA
CANO
CANSECO
CANSINO
CANTÚ
CARAVEO
CARBAJAL
CÁRCEL
CÁRCOVA
CARDEÑA
CÁRDENA
CÁRDENAS
CARDOSO
CARLÓN
CARPIO
CARRANZA
CARREÑO
CARRIZOSA
CARTAGENA
CARVAJAL
CASANOVA
CÁSARES
CASAS
CASTAÑEDA
CASTAÑÓN
CASTELLÓ
CASTILLO
CASTREJON
CASTREJÓN
CASTRILLO
CASTRO
CAVAZOS
CÁZARES
CEBALLOS
CEDILLO
CELIS
CEMBORAIN
CENDRERA
CEPEDA
CERAIN
CERDA
CEREZO
CEREZUELA
CERRATO
CERRO
CERVANTES
CERVIÑO
CETINA
CHAPERÓN
CHAPÍN
CHAVARRÍA
CHAVEZ
CHÁVEZ
CHICHARRO
CHIMALPOPOCA
CHINCHILLA
CHIRIBOGA
CHIRINO
CIANCA
CIENFUEGOS
CIGALA
CIRARRUISTA
CISCOMANI
CIURANA
CLAVIJO
CLEMENTE
COCA
COELLO
COLLANTES
CONIQUE
CONS
CONTADOR
CONTRERAS
COPPEL
CORBALÁN
CORDERO
CORELLA
CORONA
CORONADO
CORRAL
CORTÁZAR
CORTÉS
CORZO
COTA
COTILLA
CREL
CRESPO
CRUZ
CUBILLAS
CUBRÍA
CUELLAR
CUÉLLAR
CUENCA
CUESTA
CUEVA
CURIEL
DABDOUB
DALMAU
DAVILA
DÁVILA
DAZA
DE CEBALLOS
DE LA HOYA
DE LA PUENTE
DE LA REE
DE LA RIVA
DE LEÓN
DE LÓPEZ
DE LOS SANTOS
DE SÁNCHEZ
DE TERÁN
DEL CAMPO
DELGADILLO
DELGADO
DESPUJOL
DESSENS
DÍAZ
DÍAZ GONZÁLEZ
DIEGO
DIOS
DIOSDADO
DOBLADO
DOMÉNECH
DOMINGO
DOMÍNGUEZ
DUARTE
DURÁN
ECHANIZ
ECHARRI
ECHÁVARRI
ECHAZARRETA
ECHAZURIA
ECHEBESTE
EGUÍA
EGUIARA
ELGUEZÁBAL
ELIO
ELIZAGÁRATE
ELIZONDO
ELORDUY
ELOSUA
EMBUN
ENCISO
ENDÉRICA
ENRIQUEZ
EPALZA
ERCILLA
ERRIL
ESCALANTE
ESCALERA
ESCAMILLA
ESCOBAR
ESCOFET
ESCOLANO
ESCORZA
ESCOTO
ESCRIBANO
ESCRIVÁ
ESLAVA
ESPEJO
ESPINOSA
ESQUIVEL
ESTEBANEZ
ESTENSORO
ESTÉVEZ
ESTRADA
FÁBREGAS
FACIO
FAJARDO
FARIA
FEIJOO
FÉLIX
FEO
FERNÁNDEZ
FERRANDELL
FERRANDO
FIGUERA
FIGUEROA
FLORES
FRANCIA
FRANCO
FRANQUEZA
FREANER
FRÍAS
FRIGOLA
FUENTE
FUENTES
FUNES
GABILONDO
GABIÑO
GACITÚA
GAETA
GALAZ
GALIANO
GALLAGA
GALLARDO
GALLART
GALLÁSTEGUI
GALLEGO
GALLEGOS
GALNARES
GALVAN
GAMA
GAMBACORTA
GAMBOA
GÁMIZ
GÁNDARA
GANDARILLAS
GARAICOECHEA
GÁRATE
GARCIA
GARCÍA
GARCILAZO
GARITA
GARRIDO
GARRIGA
GARZA
GASTELUM
GATELL
GATO
GAVIN
GAY
GAYARRE
GAYTÁN
GÉNOVA
GERHARD
GIJÓN
GIL
GINER
GIRALT
GISPERT
GLUYAS
GODÍNEZ
GODOY
GOLFÍN
GOMEZ
GÓMEZ
GÓMEZ DEL CAMPO
GOMEZ FARIAS
GONZALEZ
GONZÁLEZ
GÓNZALEZ
GONZALO
GORDILLO
GOROSPE
GOROSTIZA
GORRITI
GORTARI
GRACIA
GRAJALES
GRAJERA
GRAMUNT
GRAÑA
GRANADOS
GRANDA
GRANJA
GRIJALVA
GRIMALDI
GUADARRAMA
GUARDADO
GUEREÑA
GUERRA
GUERRERO
GUEVARA
GUIJARRO
GUILLÉN
GURIDI
GURROLA
GUTIÉRREZ
GUZMÁN
HEALY
HENESTROSA
HEREDIA
HERNÁNDEZ
HÉRNANDEZ
HERRERÍAS
HIDALGO
HINOJOSA
HIRSCH
HITA
HOLGADO
HOLGUÍN
HORNA
HOYOS
HUERTA
IBAÑEZ
IBAR
IBARRA
IBARROLA
IBERO
IBERRY
ILARREGUI
INCHAUSTI
INDA
INIESTA
IÑIGUEZ
INURRIGARRO
IRALA
IRAURGUI
IRAZÁBAL
IRIARTE
IRIONDO
IRUEGAS
ITUARTE
ITURBIDE
IZQUIERDO
JABAT
JACOBS
JAÉN
JAIMES
JARA
JARABA
JASSO
JÁUREGUI
JIMENEZ
JIMÉNEZ
JIMENO
JOARISTI
JOVE
JUAREZ
JUÁREZ
JURADO
JUSTINIANI
JUVERA
KITAZAWA
LABORÍN
LAMAR
LAMAS
LAMBARRI
LANCASTER-JONES
LANDALUCE
LANZOS
LARA
LARBURU
LARDIZÁBAL
LARIOS
LARRAGOITI
LARRAURI
LARREA
LARRUMBE
LASA
LASSARD
LASTRES
LAVÍN
LEAL
LEBRÓN
LECUMBERRI
LEGARREA
LEGAZPI
LEGUIZAMÓN
LEJARZA
LEMENMEYER
LEMMENMEYER
LEÓN
LEOZ
LERA
LESACA
LETECHIPIA
LETONA
LETURIONDO
LEYVA
LIBARONA
LICEAGA
LINAJE
LIORI
LIRA
LIZÁRRAGA
LLANO
LLAVE
LLERA
LLITERAS
LOHR
LONGORIA
LÓPEZ
LÓPEZ PORTILLO
LÓPEZ-DÓRIGA
LORA
LORENZANA
LORET
LORIA
LOSA
LOYA
LOYOLA
LUCAS
LUCENA
LUCIO
LUEBBERT
LUJÁN
LUKEN
LUQUE
LUZ
MACHAIN
MACHIMBARRENA
MACHÍN
MACHO
MACÍAS
MADARIAGA
MADERO
MADRID
MADRIGAL
MAGAÑA
MALDONADO
MALLÉN
MALTÉS
MANCEBO
MANCISIDOR
MANERO
MANTECÓN
MANZANARES
MANZANO
MARCH
MARCOS
MARENTES
MARMOLEJO
MÁRQUEZ
MARRÓN
MARTEL
MARTÍNEZ
MARURI
MASCAREÑAS
MASCARÓ
MATEOS
MATIELLA
MATIENZO
MATLA
MATOS
MAYA
MAYER
MAYORALGO
MAZO
MAZÓN
MEABE
MECA
MEDIAVILLA
MEDINA
MEJÍA
MENCHACA
MÉNDEZ
MENDÍA
MENDIGUREN
MENDIZÁBAL
MENDOZA
MENDRACABEITIA
MEOUCHI
MERGELINA
MERLO
MERODIO
MESTRE
MICHELENA
MIERA
MIÑANA
MINONDO
MINOR
MIRANDA
MITRE
MOLACHINO
MOLINA
MOLINER
MONGE
MONJARAZ
MONJE
MONREAL
MONROY
MONSALVE
MONTAGUT
MONTALBÁN
MONTANO
MONTENEGRO
MONTER
MONTERO
MONTESINOS
MONTOJO
MONTOYA
MORAGAS
MORALES
MORÁN
MORANTE
MORATA
MORELL
MORELOS
MORENO
MORQUECHO
MOYANO
MUCIENTES
MUDARA
MULLER
MUNÁRRIZ
MUNGUÍA
MUÑOZ
MURILLO
MUSAURRIETA
NANCLARES
NARANJO
NARVARTE
NAVARRO
NAVAS
NEGRETE
NENNINGER
NICOLAU
NIETO
NIEVES
NOGALES
NOGUEROL
NORIEGA
NOTARIO
NOVALES
NOVIA
NUÑEZ
NÚÑEZ
O’DONELL
OBESO
OCA
OCAMPO
OCHOA
OJINAGA
OKOLODKOV
OLAETA
OLALLA
OLANO
OLAZARÁN
OLEA
OLEZA
OLIVA
OLIVARES
OMAÑA
OÑATE
ORCOLAGA
ORDOÑEZ
ORDORICA
ORIOL
OROBIA
OROZCO
ORRUÑO
ORTEGA
ORTEGÓN
ORTIZ
ORTÚZAR
OSBORNE
OSEGUERA
OSORNO
OTAEGUI
OTAMENDI
OTHÓN
OVANDO
OVIEDO
PACHECO
PADILLA
PADURA
PAEZ
PAGÉS
PALMA
PALOMEQUE
PALOMINO
PÁMAMES
PANDO
PANIAGUA
PANTOJA
PARAPERTUSA
PARGA
PARRA
PARTEARROYO
PASTOR
PATERNINA
PATIÑO
PATRON
PAULÍN
PAVÍA
PAZ
PAZOS
PEDRERO
PEDRO
PELÁEZ
PELAYO
PEÑAFIEL
PEÑAS
PEÑUÑURI
PERALTA
PERAPERTUSA
PEREA
PEREZ
PÉREZ
PESQUERA
PETTERSON
PEZ
PIDAL
PIGNATELLI
PIÑA
PIÑEIRO
PINDADO
PINEL
PIÑERA
PINTO
PINZÓN
PIOQUINTO
PIZANA
PIZARRO
PLA
PLATA
PLATT
PLIEGO
POLO
PONCE
PONS
PONTE
PORCEL
PORLIER
PORRAS
PORRÚA
PORTELL
PORTILLA
PORTOLA
PORTU
PRECIADO
PRESILLAS
PROAÑO
PROCOPIO
PUENTE
PUGA
PUIG
PUNTER
QUERO
QUIJADA
QUINTAL
QUINTANAR
QUINTANILLA
QUIROGA
QUIROZ
QUIRÓZ
QUIROZ MARTÍNEZ
RAMIREZ
RAMÍREZ
RAMOS
RAÑA
RASINES
RAUDES
REA
REAL
REBOLLEDO
REBOLLO
REGALADO
REINLEIN
REJÓN
REMENTERÍA
RENDÓN
RENGIFO
RENTERÍA
RETANA
REY
REYES
REYNA
REYNAGA
REYNOSO
RIAZA
RICAURTE
RINCÓN
RIOFRÍO
RIVA
RIVAS
RIVERA
RIVERO
ROBLEDO
ROBREDO
ROCAMORA
ROCHA
RODRIGUEZ
RODRÍGUEZ
ROGEL
ROIZ
ROJAS
ROJO
ROLDÁN
ROMANI
ROMANO
ROMAY
ROMERO
ROSALES
ROSAS
ROSIQUE
ROVIRA
ROZAS
RUARO
RUBIERA
RUBIO
RUIBAL
RUIZ
RUÍZ
SABATER
SABIDO
SADA
SAGASTA
SALAS
SALAZAR
SALGADO
SALINAS
SALMERÓN
SAN
SANCHEZ
SÁNCHEZ
SANDERS
SANDOVAL
SANSOR
SANTA
SANTIAGO
SANTISTEBAN
SANTOS
SAÑUDO
SARACHAGA
SARASA
SARIÑANA
SARRALDE
SARRIÁ
SAUCEDO
SEDEÑO
SEGOVIA
SELDNER
SENTÍS
SEQUEIROS
SESMA
SIERRA
SILVA
SIRGO
SISNIEGA
SITTEN
SOBREVILLA
SOLALINDE
SOLANO
SOLARES
SOLORIO
SOLORZANO
SOMELLERA
SOMOZA
SOOTS
SORIA
SOTO
STIERLE
SUAREZ
SÚAREZ
SUREDA
TALÓN
TAPIA
TARANCO
TEIXIDOR
TEJA
TÉLLEZ
TENORIO
TEODOSIO
TERRAZAS
TESTA
TIRADO
TOMÉ
TONELLA
TORAL
TORRES
TORRIJOS
TORRUBIA
TORUÑO
TOSTADO
TOUS
TOVILLA
TREJO
TRESPALACIOS
TRIGUEROS
TRILLO
TUÑÓN
UBILLA
UEHARA
UGALDE
UGARTE
URBALEJO
URBIETA
URBINA
URDANEGUI
URIARTE
URIBE
URQUIDES
URQUIOLA
URQUIZA
URRAZA
URSÚA
URTAZA
USATORRES
VACA
VALDEZ
VALENCIA
VALENZUELA
VALLADOLID
VALLARTA
VALLE
VALVERDE
VAQUERO
VARGAS
VASCONCELOS
VAZQUEZ
VÁZQUEZ
VEGA
VELA
VELÁZQUEZ
VERDES
VERDUGO
VERNET
VÍA
VIANA
VIDAL
VIDALES
VIDAURRE
VIEJO
VILA
VILLA
VILLACORTA
VILLADA
VILLAESCUZA
VILLALOBOS
VILLALPANDO
VILLALTA
VILLANUEVA
VILLARÁN
VILLASEÑOR
VILLAVICENCIO
VILLEGAS
VILLELA
VILLENA
VILORIA
VIORATO
VIUDES
VIVANCO
VIVAR
VIZCAÍNO
VIZCARRA
VIZCARRONDO
WASHINGTON
WINTHUYSEN
WOOD
XOLALPA
YÁNEZ
YARTO
YBARRA
YEBRA
YEE
YERMO
YSITA
ZABALA
ZAGAL
ZALDÚA
ZALDUENDO
ZAMACONA
ZAMBRANA
ZARAGOZA
ZARCO
ZARZA
ZATARAIN
ZAVALETA
ZAYAS
ZORRILLA
ZUBELDÍA
ZUBIETE
ZUMALABE
ZUMAYA
ZÚÑIGA
ZURITA