buscar
busco
vusco
busca
vusca
buscabamos
buscábamos
buscame
búscame
buscando
examinar
examiname
esaminame
averiguar
averigua
aberigua
averiguame
consultar
consulto
consulta
recuperar
recupera
recuperame
recupérame
filtrar
filtráme
filtra
filtro
dar
dame
darme
ver
enseñar
enseñame
enséñame
mostrar
muéstrame
muestrame
necesito
necesitaba
Aparezca
Aarezcan
Buscar
Busco
Vusco
Busca
Vusca
Buscabamos
Buscábamos
Buscame
Búscame
Buscando
Examinar
Examiname
Esaminame
Averiguar
Averigua
Aberigua
Averiguame
Consultar
Consulto
Consulta
Recuperar
Recupera
Recuperame
Recupérame
Filtrar
Filtráme
Filtra
Filtro
Dar
Dame
Darme
Ver
Enseñar
Enseñame
Enséñame
Mostrar
Muéstrame
Muestrame
Necesito
Necesitaba
Aparezca
Aparezcan
BUSCAR
BUSCO
VUSCO
BUSCA
VUSCA
BUSCABAMOS
BUSCÁBAMOS
BUSCAME
BÚSCAME
BUSCANDO
EXAMINAR
EXAMINAME
ESAMINAME
AVERIGUAR
AVERIGUA
ABERIGUA
AVERIGUAME
CONSULTAR
CONSULTO
CONSULTA
RECUPERAR
RECUPERA
RECUPERAME
RECUPÉRAME
FILTRAR
FILTRÁME
FILTRA
FILTRO
DAR
DAME
DARME
VER
ENSEÑAR
ENSEÑAME
ENSÉÑAME
MOSTRAR
MUESTRÁME
MUESTRAME
NECESITO
NECESITABA
APAREZCA
APAREZCAN