bolos
cumpleaños
cumple
despedida
funeral
excursión
escursión
escursion
eskursion
eskurxion
exkurxion
visita
romería
romeria
pasacalles
pasakalles
cabalgata
navidad
reyes
nochebuena
nochevieja
boda
sierra
pueblo
casas del castañar
playa
casa rural
botellón
votellón
votellon
voteyon
botellon
nacimiento
paseo
comida
cena
bautizo
merienda
barbacoa
piscina
río
rio
discoteca
caminata
viaje
picnic
expedición
expedion
gimnasio
gym
graduación
graduacion
baloncesto
fútbol
football
futbol
natación
natacion
recital
concierto
presentación
presentacion
rave
conferencia
aquelarre
AQUELARRE
BALONCESTO
BARBACOA
BAUTIZO
BODA
BOTELLON
BOTELLÓN
CABALGATA
CAMINATA
CASA RURAL
CASAS DEL CASTAÑAR
CENA
COMIDA
CONCIERTO
CONFERENCIA
CUMPLE
CUMPLEAÑOS
DESPEDIDA
DISCOTECA
ESCURSION
ESCURSIÓN
ESKURSION
ESKURXION
EXCURSIÓN
EXKURXION
EXPEDICIÓN
EXPEDION
FOOTBALL
FUNERAL
FUTBOL
FÚTBOL
GIMNASIO
GRADUACION
GRADUACIÓN
GYM
MERIENDA
NACIMIENTO
NATACION
NATACIÓN
NAVIDAD
NOCHEBUENA
NOCHEVIEJA
PASACALLES
PASAKALLES
PASEO
PICNIC
PISCINA
PLAYA
PRESENTACION
PRESENTACIÓN
PUEBLO
RAVE
RECITAL
REYES
RIO
RÍO
ROMERIA
ROMERÍA
SIERRA
VIAJE
VISITA
VOTELLON
VOTELLÓN
VOTEYON
BOLOS
Bolos
CumpleañOs
Cumple
Despedida
Funeral
ExcursióN
EscursióN
Escursion
Eskursion
Eskurxion
Exkurxion
Visita
RomeríA
Romeria
Pasacalles
Pasakalles
Cabalgata
Navidad
Reyes
Nochebuena
Nochevieja
Boda
Sierra
Pueblo
Casas Del CastañAr
Playa
Casa Rural
BotellóN
VotellóN
Votellon
Voteyon
Botellon
Nacimiento
Paseo
Comida
Cena
Bautizo
Merienda
Barbacoa
Piscina
RíO
Rio
Discoteca
Caminata
Viaje
Picnic
ExpedicióN
Expedion
Gimnasio
Gym
GraduacióN
Graduacion
Baloncesto
FúTbol
Football
Futbol
NatacióN
Natacion
Recital
Concierto
PresentacióN
Presentacion
Rave
Conferencia
Aquelarre